[INFO] Scanning for projects...
[INFO] 
[INFO] --------------------------< com.ikr:lift_log >--------------------------
[INFO] Building lift_log 0.0.1-SNAPSHOT
[INFO]   from pom.xml
[INFO] --------------------------------[ jar ]---------------------------------
[INFO] 
[INFO] >>> spring-boot:3.5.0-SNAPSHOT:run (default-cli) > test-compile @ lift_log >>>
[INFO] 
[INFO] --- yaml-properties:1.1.3:read-project-properties (default) @ lift_log ---
[INFO] 
[INFO] --- build-helper:3.6.0:add-source (add-source) @ lift_log ---
[INFO] Source directory: /home/ikarigata/dev/lift_log/backend/target/generated-sources/jooq added.
[INFO] 
[INFO] --- flyway:10.4.1:migrate (migrate) @ lift_log ---
[INFO] Flyway OSS Edition 10.4.1 by Redgate
[INFO] 
[INFO] See release notes here: https://rd.gt/416ObMi
[INFO] Database: jdbc:postgresql://localhost:5439/lift_log (PostgreSQL 14.18)
[INFO] Successfully validated 14 migrations (execution time 00:00.052s)
[INFO] Current version of schema "public": 2025.08.03.001
[INFO] Schema "public" is up to date. No migration necessary.
[INFO] 
[INFO] --- jooq-codegen:3.18.7:generate (default) @ lift_log ---
[INFO] 
                                      
@@@@@@@@@@@@@@@@@@@@@@@@@@@@@@@@@@@@@@
@@@@@@@@@@@@@@@@@@@@@@@@@@@@@@@@@@@@@@
@@@@@@@@@@@@@@@@  @@        @@@@@@@@@@
@@@@@@@@@@@@@@@@@@@@        @@@@@@@@@@
@@@@@@@@@@@@@@@@  @@  @@    @@@@@@@@@@
@@@@@@@@@@  @@@@  @@  @@    @@@@@@@@@@
@@@@@@@@@@        @@        @@@@@@@@@@
@@@@@@@@@@@@@@@@@@@@@@@@@@@@@@@@@@@@@@
@@@@@@@@@@@@@@@@@@@@@@@@@@@@@@@@@@@@@@
@@@@@@@@@@        @@        @@@@@@@@@@
@@@@@@@@@@    @@  @@  @@@@  @@@@@@@@@@
@@@@@@@@@@    @@  @@  @@@@  @@@@@@@@@@
@@@@@@@@@@        @@  @  @  @@@@@@@@@@
@@@@@@@@@@        @@        @@@@@@@@@@
@@@@@@@@@@@@@@@@@@@@@@@  @@@@@@@@@@@@@
@@@@@@@@@@@@@@@@@@@@@@@@@@@@@@@@@@@@@@
@@@@@@@@@@@@@@@@@@@@@@@@@@@@@@@@@@@@@@  Thank you for using jOOQ 3.18.7 (Build date: 2023-10-10T12:53:05Z)
                                      
[INFO] 

jOOQ tip of the day: There's no easier way to nest collections directly in SQL than using MULTISET, e.g. to collect your to-many relationships: https://www.jooq.org/doc/latest/manual/sql-building/column-expressions/multiset-value-constructor/

[INFO] No <inputCatalog/> was provided. Generating ALL available catalogs instead.
[INFO] License parameters       
[INFO] ----------------------------------------------------------
[INFO]   Thank you for using jOOQ and jOOQ's code generator
[INFO]                          
[INFO] Database parameters      
[INFO] ----------------------------------------------------------
[INFO]   dialect                : POSTGRES
[INFO]   URL                    : jdbc:postgresql://localhost:5439/lift_log
[INFO]   target dir             : /home/ikarigata/dev/lift_log/backend/target/generated-sources/jooq
[INFO]   target package         : com.ikr.lift_log.jooq
[INFO]   includes               : []
[INFO]   excludes               : []
[INFO]   includeExcludeColumns  : false
[INFO] ----------------------------------------------------------
[INFO]                          
[INFO] JavaGenerator parameters 
[INFO] ----------------------------------------------------------
[INFO] annotations              
[INFO]   generated              : false
[INFO]   JPA                    : false
[INFO]   JPA version            : 
[INFO]   validation             : false
[INFO]   spring                 : false
[INFO] comments                 
[INFO]   comments               : true
[INFO]   on attributes          : true
[INFO]   on catalogs            : true
[INFO]   on columns             : true
[INFO]   on embeddables         : true
[INFO]   on keys                : true
[INFO]   on links               : true
[INFO]   on packages            : true
[INFO]   on parameters          : true
[INFO]   on queues              : true
[INFO]   on routines            : true
[INFO]   on schemas             : true
[INFO]   on sequences           : true
[INFO]   on tables              : true
[INFO]   on udts                : true
[INFO] sources                  
[INFO]   sources                : true
[INFO]   sources on views       : true
[INFO] global references        
[INFO]   global references      : true
[INFO]   catalogs               : true
[INFO]   domains                : true
[INFO]   indexes                : true
[INFO]   keys                   : true
[INFO]   links                  : true
[INFO]   queues                 : true
[INFO]   routines               : true
[INFO]   schemas                : true
[INFO]   sequences              : true
[INFO]   tables                 : true
[INFO]   udts                   : true
[INFO] object types             
[INFO]   daos                   : false
[INFO]   indexes                : true
[INFO]   instance fields        : true
[INFO]   interfaces             : false
[INFO]   interfaces (immutable) : false
[INFO]   javadoc                : true
[INFO]   keys                   : true
[INFO]   links                  : true
[INFO]   pojos                  : false
[INFO]   pojos (immutable)      : false
[INFO]   queues                 : true
[INFO]   records                : true
[INFO]   routines               : true
[INFO]   sequences              : true
[INFO]   sequenceFlags          : true
[INFO]   table-valued functions : true
[INFO]   tables                 : true
[INFO]   udts                   : true
[INFO]   relations              : true
[INFO] other                    
[INFO]   deprecated code        : true
[INFO] ----------------------------------------------------------
[INFO]                          
[INFO] Generation remarks       
[INFO] ----------------------------------------------------------
[INFO]                          
[INFO] ----------------------------------------------------------
[INFO] Generating catalogs      : Total: 1
[WARNING] Version mismatch         : Database version is older than what dialect POSTGRES supports: 14.18 (Ubuntu 14.18-0ubuntu0.22.04.1). Consider https://www.jooq.org/download/support-matrix to see what jOOQ version and edition supports which RDBMS versions.
[INFO] ARRAYs fetched           : 0 (0 included, 0 excluded)
[INFO] Domains fetched          : 0 (0 included, 0 excluded)
[INFO] Tables fetched           : 8 (8 included, 0 excluded)
[INFO] Embeddables fetched      : 0 (0 included, 0 excluded)
[INFO] Enums fetched            : 0 (0 included, 0 excluded)
[INFO] Packages fetched         : 0 (0 included, 0 excluded)
[INFO] Routines fetched         : 0 (0 included, 0 excluded)
[INFO] Sequences fetched        : 0 (0 included, 0 excluded)
[INFO] No schema version is applied for catalog . Regenerating.
[INFO]                          
[INFO] Generating catalog       : DefaultCatalog.java
[INFO] ==========================================================
[INFO] Generating schemata      : Total: 1
[INFO] No schema version is applied for schema public. Regenerating.
[INFO] Generating schema        : Public.java
[INFO] ----------------------------------------------------------
[INFO] UDTs fetched             : 0 (0 included, 0 excluded)
[INFO] Generating tables        
[INFO] Computed columns         : Computed columns are a commercial only jOOQ feature. If you wish to profit from this feature, please upgrade to the jOOQ Professional Edition
[INFO] Generating table         : ExerciseMuscleGroups.java [input=exercise_muscle_groups, pk=exercise_muscle_groups_pkey]
[INFO] Indexes fetched          : 1 (1 included, 0 excluded)
[INFO] Generating table         : Exercises.java [input=exercises, pk=exercises_pkey]
[INFO] Generating table         : FlywaySchemaHistory.java [input=flyway_schema_history, pk=flyway_schema_history_pk]
[INFO] Generating table         : MuscleGroups.java [input=muscle_groups, pk=muscle_groups_pkey]
[INFO] Generating table         : Users.java [input=users, pk=users_pkey]
[INFO] Generating table         : WorkoutDays.java [input=workout_days, pk=workout_days_pkey]
[INFO] Generating table         : WorkoutRecords.java [input=workout_records, pk=workout_records_pkey]
[INFO] Generating table         : WorkoutSets.java [input=workout_sets, pk=workout_sets_pkey]
[INFO] Tables generated         : Total: 817.354ms
[INFO] Generating table references
[INFO] Table refs generated     : Total: 820.673ms, +3.318ms
[INFO] Generating Keys          
[INFO] Keys generated           : Total: 831.099ms, +10.426ms
[INFO] Generating Indexes       
[INFO] Indexes generated        : Total: 832.179ms, +1.079ms
[INFO] Generating table records 
[INFO] Generating record        : ExerciseMuscleGroupsRecord.java
[INFO] Generating record        : ExercisesRecord.java
[INFO] Generating record        : FlywaySchemaHistoryRecord.java
[INFO] Generating record        : MuscleGroupsRecord.java
[INFO] Generating record        : UsersRecord.java
[INFO] Generating record        : WorkoutDaysRecord.java
[INFO] Generating record        : WorkoutRecordsRecord.java
[INFO] Generating record        : WorkoutSetsRecord.java
[INFO] Table records generated  : Total: 904.729ms, +72.549ms
[INFO] Generation finished: public: Total: 905.42ms, +0.691ms
[INFO]                          
[INFO] Affected files: 21       
[INFO] Modified files: 0        
[INFO] No modified files        : This code generation run has not produced any file modifications.
This means, the schema has not changed, and no other parameters (jOOQ version, driver version, database version,
and any configuration elements) have changed either.

In automated builds, it is recommended to prevent unnecessary code generation runs. This run took: 873.236ms
Possible means to prevent this:
- Use manual code generation and check in generated sources: https://www.jooq.org/doc/latest/manual/code-generation/codegen-version-control/
- Use schema version providers: https://www.jooq.org/doc/latest/manual/code-generation/codegen-advanced/codegen-config-database/codegen-database-version-providers/
- Use gradle tasks and inputs: https://github.com/etiennestuder/gradle-jooq-plugin/blob/master/README.md
[INFO] Removing excess files    
[INFO] 
[INFO] --- resources:3.3.1:resources (default-resources) @ lift_log ---
[INFO] Copying 1 resource from src/main/resources to target/classes
[INFO] Copying 15 resources from src/main/resources to target/classes
[INFO] 
[INFO] --- compiler:3.14.0:compile (default-compile) @ lift_log ---
[INFO] Nothing to compile - all classes are up to date.
[INFO] 
[INFO] --- resources:3.3.1:testResources (default-testResources) @ lift_log ---
[INFO] Copying 3 resources from src/test/resources to target/test-classes
[INFO] 
[INFO] --- compiler:3.14.0:testCompile (default-testCompile) @ lift_log ---
[INFO] Nothing to compile - all classes are up to date.
[INFO] 
[INFO] <<< spring-boot:3.5.0-SNAPSHOT:run (default-cli) < test-compile @ lift_log <<<
[INFO] 
[INFO] 
[INFO] --- spring-boot:3.5.0-SNAPSHOT:run (default-cli) @ lift_log ---
[INFO] Attaching agents: []

  .   ____          _            __ _ _
 /\\ / ___'_ __ _ _(_)_ __  __ _ \ \ \ \
( ( )\___ | '_ | '_| | '_ \/ _` | \ \ \ \
 \\/  ___)| |_)| | | | | || (_| |  ) ) ) )
  '  |____| .__|_| |_|_| |_\__, | / / / /
 =========|_|==============|___/=/_/_/_/

 :: Spring Boot ::       (v3.5.0-SNAPSHOT)

2025-08-06T10:43:10.046+09:00  INFO 436304 --- [lift_log] [  restartedMain] com.ikr.lift_log.LiftLogApplication      : Starting LiftLogApplication using Java 21.0.8 with PID 436304 (/home/ikarigata/dev/lift_log/backend/target/classes started by ikarigata in /home/ikarigata/dev/lift_log/backend)
2025-08-06T10:43:10.050+09:00  INFO 436304 --- [lift_log] [  restartedMain] com.ikr.lift_log.LiftLogApplication      : No active profile set, falling back to 1 default profile: "default"
2025-08-06T10:43:10.110+09:00  INFO 436304 --- [lift_log] [  restartedMain] .e.DevToolsPropertyDefaultsPostProcessor : Devtools property defaults active! Set 'spring.devtools.add-properties' to 'false' to disable
2025-08-06T10:43:10.110+09:00  INFO 436304 --- [lift_log] [  restartedMain] .e.DevToolsPropertyDefaultsPostProcessor : For additional web related logging consider setting the 'logging.level.web' property to 'DEBUG'
2025-08-06T10:43:11.410+09:00  INFO 436304 --- [lift_log] [  restartedMain] o.s.b.w.embedded.tomcat.TomcatWebServer  : Tomcat initialized with port 8080 (http)
2025-08-06T10:43:11.423+09:00  INFO 436304 --- [lift_log] [  restartedMain] o.apache.catalina.core.StandardService   : Starting service [Tomcat]
2025-08-06T10:43:11.423+09:00  INFO 436304 --- [lift_log] [  restartedMain] o.apache.catalina.core.StandardEngine    : Starting Servlet engine: [Apache Tomcat/10.1.41]
2025-08-06T10:43:11.455+09:00  INFO 436304 --- [lift_log] [  restartedMain] o.a.c.c.C.[Tomcat].[localhost].[/]       : Initializing Spring embedded WebApplicationContext
2025-08-06T10:43:11.458+09:00  INFO 436304 --- [lift_log] [  restartedMain] w.s.c.ServletWebServerApplicationContext : Root WebApplicationContext: initialization completed in 1344 ms
2025-08-06T10:43:11.615+09:00  INFO 436304 --- [lift_log] [  restartedMain] com.zaxxer.hikari.HikariDataSource       : HikariPool-1 - Starting...
2025-08-06T10:43:11.921+09:00  INFO 436304 --- [lift_log] [  restartedMain] com.zaxxer.hikari.pool.HikariPool        : HikariPool-1 - Added connection org.postgresql.jdbc.PgConnection@6d6040cc
2025-08-06T10:43:11.923+09:00  INFO 436304 --- [lift_log] [  restartedMain] com.zaxxer.hikari.HikariDataSource       : HikariPool-1 - Start completed.
2025-08-06T10:43:12.707+09:00  WARN 436304 --- [lift_log] [  restartedMain] .s.s.UserDetailsServiceAutoConfiguration : 

Using generated security password: 030523d5-7a61-4a66-ae67-8fa96e972a01

This generated password is for development use only. Your security configuration must be updated before running your application in production.

2025-08-06T10:43:12.713+09:00  INFO 436304 --- [lift_log] [  restartedMain] r$InitializeUserDetailsManagerConfigurer : Global AuthenticationManager configured with UserDetailsService bean with name inMemoryUserDetailsManager
2025-08-06T10:43:13.002+09:00  INFO 436304 --- [lift_log] [  restartedMain] o.s.b.d.a.OptionalLiveReloadServer       : LiveReload server is running on port 35729
2025-08-06T10:43:13.071+09:00  INFO 436304 --- [lift_log] [  restartedMain] o.s.b.w.embedded.tomcat.TomcatWebServer  : Tomcat started on port 8080 (http) with context path '/'
2025-08-06T10:43:13.081+09:00  INFO 436304 --- [lift_log] [  restartedMain] com.ikr.lift_log.LiftLogApplication      : Started LiftLogApplication in 3.538 seconds (process running for 3.946)
2025-08-06T10:43:27.643+09:00  INFO 436304 --- [lift_log] [nio-8080-exec-1] o.a.c.c.C.[Tomcat].[localhost].[/]       : Initializing Spring DispatcherServlet 'dispatcherServlet'
2025-08-06T10:43:27.643+09:00  INFO 436304 --- [lift_log] [nio-8080-exec-1] o.s.web.servlet.DispatcherServlet        : Initializing Servlet 'dispatcherServlet'
2025-08-06T10:43:27.646+09:00  INFO 436304 --- [lift_log] [nio-8080-exec-1] o.s.web.servlet.DispatcherServlet        : Completed initialization in 3 ms
2025-08-06T10:43:27.735+09:00  WARN 436304 --- [lift_log] [nio-8080-exec-1] .m.m.a.ExceptionHandlerExceptionResolver : Resolved [org.springframework.web.servlet.resource.NoResourceFoundException: No static resource auth/login.]
Login attempt: email=test@example.com
2025-08-06T10:43:36.226+09:00  INFO 436304 --- [lift_log] [nio-8080-exec-2] org.jooq.Constants                       : 
                                      
@@@@@@@@@@@@@@@@@@@@@@@@@@@@@@@@@@@@@@
@@@@@@@@@@@@@@@@@@@@@@@@@@@@@@@@@@@@@@
@@@@@@@@@@@@@@@@  @@        @@@@@@@@@@
@@@@@@@@@@@@@@@@@@@@        @@@@@@@@@@
@@@@@@@@@@@@@@@@  @@  @@    @@@@@@@@@@
@@@@@@@@@@  @@@@  @@  @@    @@@@@@@@@@
@@@@@@@@@@        @@        @@@@@@@@@@
@@@@@@@@@@@@@@@@@@@@@@@@@@@@@@@@@@@@@@
@@@@@@@@@@@@@@@@@@@@@@@@@@@@@@@@@@@@@@
@@@@@@@@@@        @@        @@@@@@@@@@
@@@@@@@@@@    @@  @@  @@@@  @@@@@@@@@@
@@@@@@@@@@    @@  @@  @@@@  @@@@@@@@@@
@@@@@@@@@@        @@  @  @  @@@@@@@@@@
@@@@@@@@@@        @@        @@@@@@@@@@
@@@@@@@@@@@@@@@@@@@@@@@  @@@@@@@@@@@@@
@@@@@@@@@@@@@@@@@@@@@@@@@@@@@@@@@@@@@@
@@@@@@@@@@@@@@@@@@@@@@@@@@@@@@@@@@@@@@  Thank you for using jOOQ 3.18.7 (Build date: 2023-10-10T12:53:05Z)
                                      
2025-08-06T10:43:36.227+09:00  INFO 436304 --- [lift_log] [nio-8080-exec-2] org.jooq.Constants                       : 

jOOQ tip of the day: An 'example' record can be turned into a predicate using the Query By Example (QBE) API, i.e. the DSL.condition(Record) method: https://www.jooq.org/doc/latest/manual/sql-building/conditional-expressions/query-by-example/

2025-08-06T10:43:36.276+09:00  WARN 436304 --- [lift_log] [nio-8080-exec-2] o.j.i.D.logVersionSupport                : Version mismatch         : Database version is older than what dialect POSTGRES supports: 14.18 (Ubuntu 14.18-0ubuntu0.22.04.1). Consider https://www.jooq.org/download/support-matrix to see what jOOQ version and edition supports which RDBMS versions.
Development login successful for user: test@example.com
